[debug] [2026-09-22T14:19:25.004Z] ----------------------------------------------------------------------
[debug] [2026-09-22T14:19:25.012Z] Command:       /home/yue/.nvm/versions/node/v24.18.0/bin/node /home/yue/.nvm/versions/node/v24.18.0/bin/firebase init
[debug] [2026-09-22T14:19:25.013Z] CLI Version:   15.30.2
[debug] [2026-09-22T14:19:25.014Z] Platform:      linux
[debug] [2026-09-22T14:19:25.014Z] Node Version:  v24.18.0
[debug] [2026-09-22T14:19:25.015Z] Detected Agent: unknown
[debug] [2026-09-22T14:19:25.015Z] Time:          Tue Sep 22 2026 08:19:25 GMT-0600 (hora estándar central)
[debug] [2026-09-22T14:19:25.016Z] ----------------------------------------------------------------------
[debug] 
[info] 
     ######## #### ########  ######## ########     ###     ######  ########
     ##        ##  ##     ## ##       ##     ##  ##   ##  ##       ##
     ######    ##  ########  ######   ########  #########  ######  ######
     ##        ##  ##    ##  ##       ##     ## ##     ##       ## ##
     ##       #### ##     ## ######## ########  ##     ##  ######  ########

You're about to initialize a Firebase project in this directory:

  /home/yue/BANCO

[info] 
=== Project Setup
[info] 
[info] First, let's associate this project directory with a Firebase project.
[info] You can create multiple project aliases by running firebase use --add, 
[info] 
[debug] [2026-09-22T14:19:36.597Z] > command requires scopes: ["email","openid","https://www.googleapis.com/auth/cloudplatformprojects.readonly","https://www.googleapis.com/auth/firebase","https://www.googleapis.com/auth/cloud-platform"]
[debug] [2026-09-22T14:19:36.599Z] > authorizing via signed-in user (yue24500@cbtis75.edu.mx)
[debug] [2026-09-22T14:19:36.662Z] Checked if tokens are valid: true, expires at: 1790089992418
[debug] [2026-09-22T14:19:36.663Z] Checked if tokens are valid: true, expires at: 1790089992418
[debug] [2026-09-22T14:19:36.667Z] >>> [apiv2][query] GET https://firebase.googleapis.com/v1beta1/projects/bancokike-45795 [none]
[debug] [2026-09-22T14:19:38.025Z] <<< [apiv2][status] GET https://firebase.googleapis.com/v1beta1/projects/bancokike-45795 200
[debug] [2026-09-22T14:19:38.026Z] <<< [apiv2][body] GET https://firebase.googleapis.com/v1beta1/projects/bancokike-45795 {"projectId":"bancokike-45795","projectNumber":"113475054557","displayName":"BANCOKIKE","name":"projects/bancokike-45795","resources":{"hostingSite":"bancokike-45795"},"state":"ACTIVE","labels":{"firebase":"enabled"},"etag":"1_e6773580-67ac-4ff8-9c90-bbed3f6ef2b8"}
[info] i  Using project bancokike-45795 (BANCOKIKE) . 
[info] 
=== Hosting Setup
[debug] [2026-09-22T14:19:38.070Z] Checked if tokens are valid: true, expires at: 1790089992418
[debug] [2026-09-22T14:19:38.071Z] Checked if tokens are valid: true, expires at: 1790089992418
[debug] [2026-09-22T14:19:38.072Z] >>> [apiv2][query] GET https://firebase.googleapis.com/v1beta1/projects/bancokike-45795 [none]
[debug] [2026-09-22T14:19:38.255Z] <<< [apiv2][status] GET https://firebase.googleapis.com/v1beta1/projects/bancokike-45795 200
[debug] [2026-09-22T14:19:38.256Z] <<< [apiv2][body] GET https://firebase.googleapis.com/v1beta1/projects/bancokike-45795 {"projectId":"bancokike-45795","projectNumber":"113475054557","displayName":"BANCOKIKE","name":"projects/bancokike-45795","resources":{"hostingSite":"bancokike-45795"},"state":"ACTIVE","labels":{"firebase":"enabled"},"etag":"1_e6773580-67ac-4ff8-9c90-bbed3f6ef2b8"}
[info] 
[info] Your public directory is the folder (relative to your project directory) that
[info] will contain Hosting assets to be uploaded with firebase deploy. If you
[info] have a build process for your assets, use your build's output directory.
[info] 
[info] 
[info] i  Detected a .git folder at /home/yue/BANCO 
[info] i  Authorizing with GitHub to upload your service account to a GitHub repository's secrets store. 
[info] 
[info] Visit this URL on this device to log in:
[info] https://github.com/login/oauth/authorize?client_id=89cf50f02ac6aaed3484&state=1016275593&redirect_uri=http%3A%2F%2Flocalhost%3A9005&scope=read%3Auser%20repo%20public_repo
[info] 
[info] Waiting for authentication...
[debug] [2026-09-22T14:20:52.708Z] >>> [apiv2][query] POST https://github.com/login/oauth/access_token [none]
[debug] [2026-09-22T14:20:52.709Z] >>> [apiv2][body] POST https://github.com/login/oauth/access_token [stream]
[debug] [2026-09-22T14:20:56.674Z] <<< [apiv2][status] POST https://github.com/login/oauth/access_token 200
[debug] [2026-09-22T14:20:56.674Z] <<< [apiv2][body] POST https://github.com/login/oauth/access_token {"access_token":"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","token_type":"bearer","scope":"read:user,repo"}
[debug] [2026-09-22T14:20:56.711Z] >>> [apiv2][query] GET https://api.github.com/user [none]
[debug] [2026-09-22T14:21:10.324Z] <<< [apiv2][status] GET https://api.github.com/user 200
[debug] [2026-09-22T14:21:10.327Z] <<< [apiv2][body] GET https://api.github.com/user {"login":"yueaguilar","id":211043313,"node_id":"U_kgDODJRD8Q","avatar_url":"https://avatars.githubusercontent.com/u/211043313?v=4","gravatar_id":"","url":"https://api.github.com/users/yueaguilar","html_url":"https://github.com/yueaguilar","followers_url":"https://api.github.com/users/yueaguilar/followers","following_url":"https://api.github.com/users/yueaguilar/following{/other_user}","gists_url":"https://api.github.com/users/yueaguilar/gists{/gist_id}","starred_url":"https://api.github.com/users/yueaguilar/starred{/owner}{/repo}","subscriptions_url":"https://api.github.com/users/yueaguilar/subscriptions","organizations_url":"https://api.github.com/users/yueaguilar/orgs","repos_url":"https://api.github.com/users/yueaguilar/repos","events_url":"https://api.github.com/users/yueaguilar/events{/privacy}","received_events_url":"https://api.github.com/users/yueaguilar/received_events","type":"User","user_view_type":"private","site_admin":false,"name":null,"company":null,"blog":"","location":null,"email":null,"hireable":null,"bio":null,"twitter_username":null,"notification_email":null,"public_repos":5,"public_gists":0,"followers":0,"following":0,"created_at":"2025-05-09T18:07:42Z","updated_at":"2026-09-22T14:20:31Z","private_gists":0,"total_private_repos":7,"owned_private_repos":7,"disk_usage":12820,"collaborators":0,"two_factor_authentication":true,"plan":{"name":"free","space":976562499,"collaborators":0,"private_repos":10000}}
[info] 
[info] ✔  Success! Logged into GitHub as yueaguilar 
[info] 
[debug] [2026-09-22T14:21:24.041Z] >>> [apiv2][query] GET https://api.github.com/repos//actions/secrets/public-key type=owner
[debug] [2026-09-22T14:21:34.172Z] <<< [apiv2][status] GET https://api.github.com/repos//actions/secrets/public-key 404
[debug] [2026-09-22T14:21:34.173Z] <<< [apiv2][body] GET https://api.github.com/repos//actions/secrets/public-key {"message":"Not Found","documentation_url":"https://docs.github.com/rest","status":"404"}
[info] 
[info] 
[error] ⚠  The provided authorization cannot be used with this repository. If this repository is in an organization, did you remember to grant access? 
[info] 
[info] i  Action required: Visit this URL to ensure access has been granted to the appropriate organization(s) for the Firebase CLI GitHub OAuth App: 
[info] https://github.com/settings/connections/applications/89cf50f02ac6aaed3484
[info] 
